FunctionDecl: main
  Args[0]
  CompoundStatement
    WhileStatement
      IntergerLiteral: 1
      CompoundStatement
        BreakStatement
