FunctionDecl: main
  Args[0]
  CompoundStatement
    DoStatement
      CompoundStatement
      IntergerLiteral: 1
