FunctionDecl: foo
  Args[0]
  CompoundStatement
    ReturnStatement
      IntergerLiteral: 0
