FunctionDecl: main
  Args[0]
  CompoundStatement
    DeclStatement
      VarDecl: s
